  (1, 1) delta-id 72
  (1, 2) delta-id 45
  (2, 1) delta-id 52
  (2, 2) delta-id 43
  (3, 1) delta-id 55
  (3, 2) delta-id 27
  (4, 1) delta-id 30
  (4, 2) delta-id 65
  (5, 1) delta-id 43
  (5, 2) delta-id 66
  (6, 1) delta-id 65
  (6, 2) delta-id 44
  (7, 1) delta-id 186
  (7, 2) delta-id 157
  (8, 1) delta-id 25
  (8, 2) delta-id 44
  (10, 1) delta-id 91
  (10, 2) delta-id 62
  (11, 1) delta-id 52
  (11, 2) delta-id 92
  (12, 1) delta-id 114
  (12, 2) delta-id 139
  (12, 3) delta-id 119
  (13, 1) delta-id 64
  (13, 2) delta-id 52
  (13, 3) delta-id 51
  (17, 1) delta-id 111
  (17, 2) delta-id 93
  (17, 3) delta-id 33
  (18, 3) delta-id 56
  (19, 1) delta-id 106
  (19, 2) delta-id 95
  (19, 3) delta-id 108
  (20, 1) delta-id 105
  (21, 1) delta-id 36
  (21, 2) delta-id 58
  (21, 3) delta-id 84
  (22, 1) delta-id 40
  (23, 2) delta-id 48
  (26, 1) delta-id 83
  (26, 2) delta-id 72
  (26, 3) delta-id 68
  (26, 4) delta-id 82
  (27, 4) delta-id 34
  (31, 1) delta-id 58
  (31, 2) delta-id 59
  (31, 3) delta-id 60
  (31, 4) delta-id 58
  (35, 1) delta-id 120
  (35, 2) delta-id 140
  (35, 3) delta-id 127
  (35, 4) delta-id 110
  (36, 4) delta-id 123
  (37, 1) delta-id 80
  (37, 4) delta-id 46
  (38, 1) delta-id 128
  (38, 2) delta-id 129
  (38, 3) delta-id 130
  (38, 4) delta-id 100
  (38, 5) delta-id 73
  (39, 4) delta-id 90
  (39, 5) delta-id 73
  (40, 1) delta-id 23
  (40, 2) delta-id 27
  (40, 3) delta-id 20
  (40, 4) delta-id 19
  (40, 5) delta-id 21
  (41, 4) delta-id 23
  (42, 1) delta-id 213
  (42, 2) delta-id 144
  (42, 3) delta-id 122
  (42, 4) delta-id 134
  (42, 5) delta-id 134
  (44, 1) delta-id 192
  (44, 2) delta-id 208
  (44, 3) delta-id 174
  (44, 4) delta-id 160
  (44, 5) delta-id 167
wrote .cache/delta_vib_pyin.pkl

