########## obs 0.50 (hidden 50%)
===== mu = mu_LM (strict mask-aware) =====
kernel               RMSE       NLL   cov@.9  cal-err  med-cell    worst      dRMSE vs additive [95% CI]    dNLL vs additive [95% CI]  guard
additive           0.3965   -0.3051    0.921    0.064    0.3882   0.6373                               —                            —  1c/0x
tonal              0.4026   -0.2908    0.921    0.062    0.3948   0.6420      +0.0058 [-0.0005,+0.0127]    +0.0145 [-0.0013,+0.0305]   clean
harmonic           0.3876   -0.3141    0.922    0.066    0.3796   0.6366      -0.0089 [-0.0138,-0.0050]*   -0.0089 [-0.0160,-0.0009]*  1c/0x
harmonic_vl        0.3886   -0.3213    0.922    0.067    0.3809   0.6407      -0.0077 [-0.0114,-0.0046]*   -0.0164 [-0.0233,-0.0097]*  1c/0x

########## obs 0.70 (hidden 30%)
===== mu = mu_LM (strict mask-aware) =====
kernel               RMSE       NLL   cov@.9  cal-err  med-cell    worst      dRMSE vs additive [95% CI]    dNLL vs additive [95% CI]  guard
additive           0.3870   -0.1870    0.923    0.068    0.3863   0.5976                               —                            —  clean
tonal              0.3968   -0.2014    0.925    0.066    0.3940   0.6190      +0.0093 [+0.0029,+0.0163]*   -0.0145 [-0.0795,+0.0263]   clean
harmonic           0.3763   -0.2018    0.926    0.070    0.3750   0.5947      -0.0108 [-0.0153,-0.0072]*   -0.0149 [-0.0270,-0.0042]*  clean
harmonic_vl        0.3775   -0.2366    0.924    0.071    0.3717   0.5951      -0.0095 [-0.0135,-0.0060]*   -0.0502 [-0.1253,-0.0090]*  clean

########## obs 0.80 (hidden 20%)
===== mu = mu_LM (strict mask-aware) =====
kernel               RMSE       NLL   cov@.9  cal-err  med-cell    worst      dRMSE vs additive [95% CI]    dNLL vs additive [95% CI]  guard
additive           0.3876   -0.3599    0.925    0.070    0.3768   0.7840                               —                            —  clean
tonal              0.4017   -0.3367    0.925    0.069    0.3869   0.7887      +0.0123 [+0.0036,+0.0242]*   +0.0232 [+0.0029,+0.0411]*  clean
harmonic           0.3757   -0.3740    0.928    0.071    0.3603   0.7801      -0.0119 [-0.0171,-0.0077]*   -0.0140 [-0.0221,-0.0055]*  clean
harmonic_vl        0.3764   -0.3754    0.926    0.072    0.3659   0.7773      -0.0108 [-0.0144,-0.0076]*   -0.0153 [-0.0219,-0.0083]*  0c/1x

########## obs 0.90 (hidden 10%)
===== mu = mu_LM (strict mask-aware) =====
kernel               RMSE       NLL   cov@.9  cal-err  med-cell    worst      dRMSE vs additive [95% CI]    dNLL vs additive [95% CI]  guard
additive           0.3885   -0.3526    0.923    0.065    0.3649   0.8577                               —                            —  clean
tonal              0.3978   -0.3482    0.921    0.067    0.3750   0.8679      +0.0088 [+0.0006,+0.0202]*   +0.0054 [-0.0194,+0.0256]   clean
harmonic           0.3752   -0.3708    0.927    0.067    0.3601   0.8570      -0.0138 [-0.0203,-0.0088]*   -0.0187 [-0.0284,-0.0092]*  clean
harmonic_vl        0.3778   -0.3704    0.925    0.067    0.3608   0.8578      -0.0111 [-0.0162,-0.0069]*   -0.0185 [-0.0275,-0.0101]*  clean

