  (1, 1) tau exact  (92/92, std 62 ms)
  (1, 2) tau exact  (54/54, std 114 ms)
  (2, 1) tau exact  (82/82, std 69 ms)
  (2, 2) tau exact  (50/50, std 80 ms)
  (3, 1) tau exact  (254/254, std 23 ms)
  (3, 2) tau exact  (194/194, std 29 ms)
  (4, 1) tau dtw    (731/778, std 78 ms)
  (4, 2) tau dtw    (408/414, std 38 ms)
  (5, 1) tau exact  (258/258, std 29 ms)
  (5, 2) tau dtw    (211/214, std 29 ms)
  (6, 1) tau exact  (258/258, std 36 ms)
  (6, 2) tau dtw    (213/219, std 30 ms)
  (7, 1) tau dtw    (275/284, std 96 ms)
  (7, 2) tau dtw    (277/284, std 89 ms)
  (8, 1) tau dtw    (96/110, std 103 ms)
  (8, 2) tau exact  (94/94, std 81 ms)
  (10, 1) tau dtw    (293/296, std 46 ms)
  (10, 2) tau dtw    (245/245, std 50 ms)
  (11, 1) tau dtw    (104/110, std 603 ms)
  (11, 2) tau dtw    (353/361, std 62 ms)
  (12, 1) tau dtw    (421/429, std 61 ms)
  (12, 2) tau dtw    (337/339, std 52 ms)
  (12, 3) tau dtw    (259/272, std 334 ms)
  (13, 1) tau exact  (76/76, std 76 ms)
  (13, 2) tau exact  (73/73, std 87 ms)
  (13, 3) tau dtw    (70/70, std 81 ms)
  (17, 1) tau dtw    (138/138, std 259 ms)
  (17, 2) tau dtw    (108/108, std 254 ms)
  (17, 3) tau exact  (94/94, std 288 ms)
  (18, 3) tau exact  (94/94, std 296 ms)
  (19, 1) tau dtw    (210/211, std 143 ms)
  (19, 2) tau exact  (211/211, std 65 ms)
  (19, 3) tau dtw    (239/242, std 63 ms)
  (20, 1) tau dtw    (210/214, std 156 ms)
  (21, 1) tau exact  (228/228, std 50 ms)
  (21, 2) tau dtw    (197/216, std 73 ms)
  (21, 3) tau dtw    (192/206, std 65 ms)
  (22, 1) tau dtw    (226/227, std 60 ms)
  (23, 2) tau exact  (216/216, std 55 ms)
  (26, 1) tau exact  (229/229, std 48 ms)
  (26, 2) tau exact  (211/211, std 124 ms)
  (26, 3) tau exact  (217/217, std 68 ms)
  (26, 4) tau exact  (144/144, std 102 ms)
  (27, 4) tau dtw    (141/143, std 107 ms)
  (31, 1) tau dtw    (269/272, std 31 ms)
  (31, 2) tau dtw    (240/247, std 29 ms)
  (31, 3) tau dtw    (233/244, std 33 ms)
  (31, 4) tau failed (0/219, std 0 ms)
  (35, 1) tau dtw    (471/478, std 38 ms)
  (35, 2) tau exact  (218/218, std 50 ms)
  (35, 3) tau exact  (216/216, std 51 ms)
  (35, 4) tau exact  (162/162, std 52 ms)
  (36, 4) tau dtw    (159/163, std 75 ms)
  (37, 1) tau exact  (484/484, std 36 ms)
  (37, 4) tau exact  (162/162, std 64 ms)
  (38, 1) tau exact  (171/171, std 77 ms)
  (38, 2) tau dtw    (179/179, std 63 ms)
  (38, 3) tau exact  (167/167, std 74 ms)
  (38, 4) tau dtw    (138/140, std 95 ms)
  (38, 5) tau exact  (122/122, std 96 ms)
  (39, 4) tau dtw    (141/141, std 143 ms)
  (39, 5) tau exact  (122/122, std 96 ms)
  (40, 1) tau exact  (31/31, std 352 ms)
  (40, 2) tau exact  (33/33, std 381 ms)
  (40, 3) tau exact  (34/34, std 277 ms)
  (40, 4) tau exact  (34/34, std 332 ms)
  (40, 5) tau exact  (29/29, std 332 ms)
  (41, 4) tau exact  (35/35, std 282 ms)
  (42, 1) tau dtw    (343/353, std 87 ms)
  (42, 2) tau exact  (207/207, std 115 ms)
  (42, 3) tau dtw    (225/227, std 93 ms)
  (42, 4) tau exact  (200/200, std 104 ms)
  (42, 5) tau dtw    (169/172, std 128 ms)
  (44, 1) tau dtw    (592/615, std 89 ms)
  (44, 2) tau failed (0/451, std 0 ms)
  (44, 3) tau dtw    (453/463, std 112 ms)
  (44, 4) tau dtw    (496/515, std 95 ms)
  (44, 5) tau exact  (360/360, std 117 ms)
match methods: {'exact': 38, 'dtw': 38, 'failed': 2}
tau appended

