== Theory features across masking rates (DEV, 30 x 4 seeds, guard on) ==

 hidden config                 RMSE      NLL  cov@.9
    50% b_feat               0.3760   -0.299   0.923
    50% b_theoryfeat         0.3742   -0.295   0.923
    50% b_featlm             0.3711   -0.330   0.926
    50% b_theoryfeatlm       0.3702   -0.327   0.926

    30% b_feat               0.3649   -0.177   0.926
    30% b_theoryfeat         0.3633   -0.169   0.926
    30% b_featlm             0.3561   -0.140   0.930
    30% b_theoryfeatlm       0.3568   -0.268   0.930

    20% b_feat               0.3681   -0.394   0.929
    20% b_theoryfeat         0.3651   -0.382   0.928
    20% b_featlm             0.3521   -0.441   0.928
    20% b_theoryfeatlm       0.3550   -0.441   0.930

    10% b_feat               0.3671   -0.359   0.923
    10% b_theoryfeat         0.3636   -0.370   0.923
    10% b_featlm             0.3472   -0.418   0.925
    10% b_theoryfeatlm       0.3458   -0.433   0.926

== Paired per-piece contrasts (bootstrap 95% CI over 30 dev pieces) ==

 hidden contrast                                  dRMSE                         dNLL
    50% theory (plain)       -0.0016 [-0.0048,+0.0015]    +0.0039 [-0.0047,+0.0150] 
    50% theory (with LM)     -0.0008 [-0.0042,+0.0027]    +0.0030 [-0.0061,+0.0127] 

    30% theory (plain)       -0.0015 [-0.0044,+0.0013]    +0.0083 [-0.0109,+0.0364] 
    30% theory (with LM)     +0.0011 [-0.0014,+0.0037]    -0.1301 [-0.3906,+0.0039] 

    20% theory (plain)       -0.0027 [-0.0056,+0.0002]    +0.0119 [-0.0062,+0.0451] 
    20% theory (with LM)     +0.0031 [-0.0003,+0.0072]    +0.0004 [-0.0064,+0.0072] 

    10% theory (plain)       -0.0037 [-0.0074,-0.0002]*   -0.0104 [-0.0237,-0.0017]*
    10% theory (with LM)     -0.0017 [-0.0046,+0.0010]    -0.0139 [-0.0389,+0.0017] 

